# Check configuration tokens
# Ensure build layout
# Check configuration tokens
# Preparing build
# Check requirements for android
# Search for Git (git)
#  -> found at /usr/bin/git
# Search for Cython (cython)
#  -> found at /home/kouzimiso/.pyenv/shims/cython
# Search for Java compiler (javac)
#  -> found at /usr/lib/jvm/java-17-openjdk-amd64/bin/javac
# Search for Java keytool (keytool)
#  -> found at /usr/lib/jvm/java-17-openjdk-amd64/bin/keytool
# Install platform
# Run ['git', 'config', '--get', 'remote.origin.url']
# Cwd /home/kouzimiso/study/.buildozer/android/platform/python-for-android
https://github.com/kivy/python-for-android.git
# Run ['git', 'branch', '-vv']
# Cwd /home/kouzimiso/study/.buildozer/android/platform/python-for-android
* master 957a3e5f [origin/master] Merge pull request #2959 from kivy/release-2024.01.21
# Run ['/home/kouzimiso/.pyenv/versions/3.11.9/bin/python3.11', '-m', 'pip', 'install', '-q', '--user', 'appdirs', 'colorama>=0.3.3', 'jinja2', 'sh>=1.10, <2.0; sys_platform!="win32"', 'build', 'toml', 'packaging', 'setuptools']
# Cwd None

[notice] A new release of pip is available: 24.0 -> 24.1.2
[notice] To update, run: /home/kouzimiso/.pyenv/versions/3.11.9/bin/python3.11 -m pip install --upgrade pip
# Apache ANT found at /home/kouzimiso/.buildozer/android/platform/apache-ant-1.9.4
# Android SDK found at /home/kouzimiso/.buildozer/android/platform/android-sdk
# Recommended android's NDK version by p4a is: 25b
# Android NDK found at /home/kouzimiso/.buildozer/android/platform/android-ndk-r25b
# Run ['/home/kouzimiso/.pyenv/versions/3.11.9/bin/python3.11', '-m', 'pythonforandroid.toolchain', 'aab', '-h', '--color=always', '--storage-dir=/home/kouzimiso/study/.buildozer/android/platform/build-arm64-v8a_armeabi-v7a', '--ndk-api=21', '--ignore-setup-py', '--debug']
# Cwd /home/kouzimiso/study/.buildozer/android/platform/python-for-android
[WARNING]: prerequisites.py is experimental and does not support all prerequisites yet.
[WARNING]: Please report any issues to the python-for-android issue tracker.
[WARNING]: prerequisites.py is experimental and does not support all prerequisites yet.
[WARNING]: Please report any issues to the python-for-android issue tracker.
usage: toolchain.py aab [-h] [--debug] [--color {always,never,auto}]
                        [--sdk-dir SDK_DIR] [--ndk-dir NDK_DIR]
                        [--android-api ANDROID_API]
                        [--ndk-version NDK_VERSION] [--ndk-api NDK_API]
                        [--symlink-bootstrap-files]
                        [--storage-dir STORAGE_DIR] [--arch ARCH]
                        [--dist-name DIST_NAME] [--requirements REQUIREMENTS]
                        [--recipe-blacklist RECIPE_BLACKLIST]
                        [--blacklist-requirements BLACKLIST_REQUIREMENTS]
                        [--bootstrap BOOTSTRAP] [--hook HOOK] [--force-build]
                        [--no-force-build] [--require-perfect-match]
                        [--no-require-perfect-match] [--allow-replace-dist]
                        [--no-allow-replace-dist]
                        [--local-recipes LOCAL_RECIPES]
                        [--activity-class-name ACTIVITY_CLASS_NAME]
                        [--service-class-name SERVICE_CLASS_NAME]
                        [--java-build-tool {auto,ant,gradle}] [--copy-libs]
                        [--no-copy-libs] [--add-asset ASSETS]
                        [--add-resource RESOURCES] [--private PRIVATE]
                        [--use-setup-py] [--ignore-setup-py] [--release]
                        [--with-debug-symbols] [--keystore KEYSTORE]
                        [--signkey SIGNKEY] [--keystorepw KEYSTOREPW]
                        [--signkeypw SIGNKEYPW]

options:
  -h, --help            show this help message and exit
  --debug               Display debug output and all build info
  --color {always,never,auto}
                        Enable or disable color output (default enabled on
                        tty)
  --sdk-dir SDK_DIR, --sdk_dir SDK_DIR
                        The filepath where the Android SDK is installed
  --ndk-dir NDK_DIR, --ndk_dir NDK_DIR
                        The filepath where the Android NDK is installed
  --android-api ANDROID_API, --android_api ANDROID_API
                        The Android API level to build against defaults to 33
                        if not specified.
  --ndk-version NDK_VERSION, --ndk_version NDK_VERSION
                        DEPRECATED: the NDK version is now found automatically
                        or not at all.
  --ndk-api NDK_API     The Android API level to compile against. This should
                        be your *minimal supported* API, not normally the same
                        as your --android-api. Defaults to min(ANDROID_API,
                        21) if not specified.
  --symlink-bootstrap-files, --ssymlink_bootstrap_files
                        If True, symlinks the bootstrap files creation. This
                        is useful for development only, it could also cause
                        weird problems.
  --storage-dir STORAGE_DIR
                        Primary storage directory for downloads and builds
                        (default: /home/kouzimiso/.local/share/python-for-
                        android)
  --arch ARCH           The archs to build for.
  --dist-name DIST_NAME, --dist_name DIST_NAME
                        The name of the distribution to use or create
  --requirements REQUIREMENTS
                        Dependencies of your app, should be recipe names or
                        Python modules. NOT NECESSARY if you are using Python
                        3 with --use-setup-py
  --recipe-blacklist RECIPE_BLACKLIST
                        Blacklist an internal recipe from use. Allows
                        disabling Python 3 core modules to save size
  --blacklist-requirements BLACKLIST_REQUIREMENTS
                        Blacklist an internal recipe from use. Allows
                        disabling Python 3 core modules to save size
  --bootstrap BOOTSTRAP
                        The bootstrap to build with. Leave unset to choose
                        automatically.
  --hook HOOK           Filename to a module that contains python-for-android
                        hooks
  --local-recipes LOCAL_RECIPES, --local_recipes LOCAL_RECIPES
                        Directory to look for local recipes
  --activity-class-name ACTIVITY_CLASS_NAME
                        The full java class name of the main activity
  --service-class-name SERVICE_CLASS_NAME
                        Full java package name of the PythonService class
  --java-build-tool {auto,ant,gradle}
                        The java build tool to use when packaging the APK,
                        defaults to automatically selecting an appropriate
                        tool.
  --add-asset ASSETS    Put this in the assets folder in the apk.
  --add-resource RESOURCES
                        Put this in the res folder in the apk.
  --private PRIVATE     the directory with the app source code files
                        (containing your main.py entrypoint)
  --use-setup-py        Process the setup.py of a project if present.
                        (Experimental!
  --ignore-setup-py     Don't run the setup.py of a project if present. This
                        may be required if the setup.py is not designed to
                        work inside p4a (e.g. by installing dependencies that
                        won't work or aren't desired on Android
  --release             Build your app as a non-debug release build. (Disables
                        gdb debugging among other things)
  --with-debug-symbols  Will keep debug symbols from `.so` files.
  --keystore KEYSTORE   Keystore for JAR signing key, will use jarsigner
                        default if not specified (release build only)
  --signkey SIGNKEY     Key alias to sign PARSER_APK. with (release build
                        only)
  --keystorepw KEYSTOREPW
                        Password for keystore
  --signkeypw SIGNKEYPW
                        Password for key alias

  Whether to force compilation of a new distribution

  --force-build
  --no-force-build      (this is the default)
  --require-perfect-match
  --no-require-perfect-match
                        (this is the default)
  --allow-replace-dist  (this is the default)
  --no-allow-replace-dist
  --copy-libs
  --no-copy-libs        (this is the default)
# Check application requirements
# Compile platform
# Run ['/home/kouzimiso/.pyenv/versions/3.11.9/bin/python3.11', '-m', 'pythonforandroid.toolchain', 'create', '--dist_name=myapp', '--bootstrap=sdl2', '--requirements=python3,kivy', '--arch=arm64-v8a', '--arch=armeabi-v7a', '--copy-libs', '--color=always', '--storage-dir=/home/kouzimiso/study/.buildozer/android/platform/build-arm64-v8a_armeabi-v7a', '--ndk-api=21', '--ignore-setup-py', '--debug']
# Cwd /home/kouzimiso/study/.buildozer/android/platform/python-for-android
[WARNING]: prerequisites.py is experimental and does not support all prerequisites yet.
[WARNING]: Please report any issues to the python-for-android issue tracker.
[WARNING]: prerequisites.py is experimental and does not support all prerequisites yet.
[WARNING]: Please report any issues to the python-for-android issue tracker.
[1m[INFO][0m:    Will compile for the following archs: arm64-v8a, armeabi-v7a
[1m[INFO][0m:    Found Android API target in $ANDROIDAPI: 31
[1m[INFO][0m:    Available Android APIs are (31)
[1m[INFO][0m:    Requested API target 31 is available, continuing.
[1m[INFO][0m:    Found NDK dir in $ANDROIDNDK: /home/kouzimiso/.buildozer/android/platform/android-ndk-r25b
[1m[INFO][0m:    Found NDK version 25b
[1m[INFO][0m:    Getting NDK API version (i.e. minimum supported API) from user argument
[1m[INFO][0m:    ccache is missing, the build will not be optimized in the future.
[1m[90m[DEBUG][39m[0m:   All possible dists: []
[1m[90m[DEBUG][39m[0m:   Dist matching name and arch: []
[1m[90m[DEBUG][39m[0m:   Dist matching ndk_api and recipe: []
[1m[INFO][0m:    No existing dists meet the given requirements!
[1m[90m[DEBUG][39m[0m:   Remove directory and subdirectory /home/kouzimiso/study/.buildozer/android/platform/build-arm64-v8a_armeabi-v7a/dists/myapp
[1m[INFO][0m:    [1m[94mNo dist exists that meets your requirements, so one will be built.[0m
[1m[INFO][0m:    Found a single valid recipe set: ['hostpython3', 'libffi', 'openssl', 'sdl2_image', 'sdl2_mixer', 'sdl2_ttf', 'sqlite3', 'python3', 'sdl2', 'setuptools', 'six', 'pyjnius', 'android', 'kivy']
[1m[INFO][0m:    The selected bootstrap is sdl2
[1m[INFO][0m:    [1m[32m# Creating dist with sdl2 bootstrap[0m[39m
[1m[INFO][0m:    [1m[94mDist will have name myapp and requirements (python3, kivy)[0m
[1m[INFO][0m:    Dist contains the following requirements as recipes: ['hostpython3', 'libffi', 'openssl', 'sdl2_image', 'sdl2_mixer', 'sdl2_ttf', 'sqlite3', 'python3', 'sdl2', 'setuptools', 'six', 'pyjnius', 'android', 'kivy']
[1m[INFO][0m:    Dist will also contain modules (certifi, requests, idna, chardet, urllib3) installed from pip
[1m[INFO][0m:    Dist will be build in mode debug
[1m[INFO][0m:    [36m-> directory context /home/kouzimiso/study/.buildozer/android/platform/build-arm64-v8a_armeabi-v7a/build/bootstrap_builds/sdl2[39m
[1m[INFO][0m:    [36m<- directory context /home/kouzimiso/study/.buildozer/android/platform/python-for-android[39m
[1m[90m[DEBUG][39m[0m:   Create directory /home/kouzimiso/study/.buildozer/android/platform/build-arm64-v8a_armeabi-v7a/dists/myapp
[1m[INFO][0m:    [1m[94mRecipe build order is ['hostpython3', 'libffi', 'openssl', 'sdl2_image', 'sdl2_mixer', 'sdl2_ttf', 'sqlite3', 'python3', 'sdl2', 'setuptools', 'six', 'pyjnius', 'android', 'kivy'][0m
[1m[INFO][0m:    [1m[94mThe requirements (certifi, chardet, idna, requests, urllib3) were not found as recipes, they will be installed with pip.[0m
[1m[INFO][0m:    [1m[32m# Downloading recipes [0m[39m
[1m[INFO][0m:    [1m[32mDownloading hostpython3[0m[39m
[1m[INFO][0m:    [36m-> directory context /home/kouzimiso/study/.buildozer/android/platform/build-arm64-v8a_armeabi-v7a/packages/hostpython3[39m
[1m[90m[DEBUG][39m[0m:   [90m->[0m running basename https://www.python.org/ftp/python/3.11.5/Python-3.11.5.tgz[0m
[1m[90m[DEBUG][39m[0m:   	Python-3.11.5.tgz
[1m[INFO][0m:    hostpython3 download already cached, skipping
[1m[INFO][0m:    [36m<- directory context /home/kouzimiso/study/.buildozer/android/platform/python-for-android[39m
[1m[INFO][0m:    [1m[32mDownloading libffi[0m[39m
[1m[INFO][0m:    [36m-> directory context /home/kouzimiso/study/.buildozer/android/platform/build-arm64-v8a_armeabi-v7a/packages/libffi[39m
[1m[90m[DEBUG][39m[0m:   [90m->[0m running basename https://github.com/libffi/libffi/archive/v3.4.2.tar.gz[0m
[1m[90m[DEBUG][39m[0m:   	v3.4.2.tar.gz
[1m[INFO][0m:    libffi download already cached, skipping
[1m[INFO][0m:    [36m<- directory context /home/kouzimiso/study/.buildozer/android/platform/python-for-android[39m
[1m[INFO][0m:    [1m[32mDownloading openssl[0m[39m
[1m[INFO][0m:    [36m-> directory context /home/kouzimiso/study/.buildozer/android/platform/build-arm64-v8a_armeabi-v7a/packages/openssl[39m
[1m[90m[DEBUG][39m[0m:   [90m->[0m running basename https://www.openssl.org/source/openssl-1.1.1w.tar.gz[0m
[1m[90m[DEBUG][39m[0m:   	openssl-1.1.1w.tar.gz
[1m[INFO][0m:    openssl download already cached, skipping
[1m[INFO][0m:    [36m<- directory context /home/kouzimiso/study/.buildozer/android/platform/python-for-android[39m
[1m[INFO][0m:    [1m[32mDownloading sdl2_image[0m[39m
[1m[INFO][0m:    [36m-> directory context /home/kouzimiso/study/.buildozer/android/platform/build-arm64-v8a_armeabi-v7a/packages/sdl2_image[39m
[1m[90m[DEBUG][39m[0m:   [90m->[0m running basename https://github.com/libsdl-org/SDL_image/releases/download/release-2.8.0/SDL2_image-2.8.0.tar.gz[0m
[1m[90m[DEBUG][39m[0m:   	SDL2_image-2.8.0.tar.gz
[1m[INFO][0m:    sdl2_image download already cached, skipping
[1m[INFO][0m:    [36m<- directory context /home/kouzimiso/study/.buildozer/android/platform/python-for-android[39m
[1m[INFO][0m:    [1m[32mDownloading sdl2_mixer[0m[39m
[1m[INFO][0m:    [36m-> directory context /home/kouzimiso/study/.buildozer/android/platform/build-arm64-v8a_armeabi-v7a/packages/sdl2_mixer[39m
[1m[90m[DEBUG][39m[0m:   [90m->[0m running basename https://github.com/libsdl-org/SDL_mixer/releases/download/release-2.6.3/SDL2_mixer-2.6.3.tar.gz[0m
[1m[90m[DEBUG][39m[0m:   	SDL2_mixer-2.6.3.tar.gz
[1m[INFO][0m:    sdl2_mixer download already cached, skipping
[1m[INFO][0m:    [36m<- directory context /home/kouzimiso/study/.buildozer/android/platform/python-for-android[39m
[1m[INFO][0m:    [1m[32mDownloading sdl2_ttf[0m[39m
[1m[INFO][0m:    [36m-> directory context /home/kouzimiso/study/.buildozer/android/platform/build-arm64-v8a_armeabi-v7a/packages/sdl2_ttf[39m
[1m[90m[DEBUG][39m[0m:   [90m->[0m running basename https://github.com/libsdl-org/SDL_ttf/releases/download/release-2.20.2/SDL2_ttf-2.20.2.tar.gz[0m
[1m[90m[DEBUG][39m[0m:   	SDL2_ttf-2.20.2.tar.gz
[1m[INFO][0m:    sdl2_ttf download already cached, skipping
[1m[INFO][0m:    [36m<- directory context /home/kouzimiso/study/.buildozer/android/platform/python-for-android[39m
[1m[INFO][0m:    [1m[32mDownloading sqlite3[0m[39m
[1m[INFO][0m:    [36m-> directory context /home/kouzimiso/study/.buildozer/android/platform/build-arm64-v8a_armeabi-v7a/packages/sqlite3[39m
[1m[90m[DEBUG][39m[0m:   [90m->[0m running basename https://www.sqlite.org/2021/sqlite-amalgamation-3350500.zip[0m
[1m[90m[DEBUG][39m[0m:   	sqlite-amalgamation-3350500.zip
[1m[INFO][0m:    sqlite3 download already cached, skipping
[1m[INFO][0m:    [36m<- directory context /home/kouzimiso/study/.buildozer/android/platform/python-for-android[39m
[1m[INFO][0m:    [1m[32mDownloading python3[0m[39m
[1m[INFO][0m:    [36m-> directory context /home/kouzimiso/study/.buildozer/android/platform/build-arm64-v8a_armeabi-v7a/packages/python3[39m
[1m[90m[DEBUG][39m[0m:   [90m->[0m running basename https://www.python.org/ftp/python/3.11.5/Python-3.11.5.tgz[0m
[1m[90m[DEBUG][39m[0m:   	Python-3.11.5.tgz
[1m[INFO][0m:    python3 download already cached, skipping
[1m[INFO][0m:    [36m<- directory context /home/kouzimiso/study/.buildozer/android/platform/python-for-android[39m
[1m[INFO][0m:    [1m[32mDownloading sdl2[0m[39m
[1m[INFO][0m:    [36m-> directory context /home/kouzimiso/study/.buildozer/android/platform/build-arm64-v8a_armeabi-v7a/packages/sdl2[39m
[1m[90m[DEBUG][39m[0m:   [90m->[0m running basename https://github.com/libsdl-org/SDL/releases/download/release-2.28.5/SDL2-2.28.5.tar.gz[0m
[1m[90m[DEBUG][39m[0m:   	SDL2-2.28.5.tar.gz
[1m[INFO][0m:    sdl2 download already cached, skipping
[1m[INFO][0m:    [36m<- directory context /home/kouzimiso/study/.buildozer/android/platform/python-for-android[39m
[1m[INFO][0m:    [1m[32mDownloading setuptools[0m[39m
[1m[INFO][0m:    [36m-> directory context /home/kouzimiso/study/.buildozer/android/platform/build-arm64-v8a_armeabi-v7a/packages/setuptools[39m
[1m[90m[DEBUG][39m[0m:   [90m->[0m running basename https://pypi.python.org/packages/source/s/setuptools/setuptools-51.3.3.tar.gz[0m
[1m[90m[DEBUG][39m[0m:   	setuptools-51.3.3.tar.gz
[1m[INFO][0m:    setuptools download already cached, skipping
[1m[INFO][0m:    [36m<- directory context /home/kouzimiso/study/.buildozer/android/platform/python-for-android[39m
[1m[INFO][0m:    [1m[32mDownloading six[0m[39m
[1m[INFO][0m:    [36m-> directory context /home/kouzimiso/study/.buildozer/android/platform/build-arm64-v8a_armeabi-v7a/packages/six[39m
[1m[90m[DEBUG][39m[0m:   [90m->[0m running basename https://pypi.python.org/packages/source/s/six/six-1.15.0.tar.gz[0m
[1m[90m[DEBUG][39m[0m:   	six-1.15.0.tar.gz
[1m[INFO][0m:    six download already cached, skipping
[1m[INFO][0m:    [36m<- directory context /home/kouzimiso/study/.buildozer/android/platform/python-for-android[39m
[1m[INFO][0m:    [1m[32mDownloading pyjnius[0m[39m
[1m[INFO][0m:    [36m-> directory context /home/kouzimiso/study/.buildozer/android/platform/build-arm64-v8a_armeabi-v7a/packages/pyjnius[39m
[1m[90m[DEBUG][39m[0m:   [90m->[0m running basename https://github.com/kivy/pyjnius/archive/1.6.1.zip[0m
[1m[90m[DEBUG][39m[0m:   	1.6.1.zip
[1m[INFO][0m:    pyjnius download already cached, skipping
[1m[INFO][0m:    [36m<- directory context /home/kouzimiso/study/.buildozer/android/platform/python-for-android[39m
[1m[INFO][0m:    [1m[32mDownloading android[0m[39m
[1m[INFO][0m:    Skipping android download as no URL is set
[1m[INFO][0m:    [1m[32mDownloading kivy[0m[39m
[1m[INFO][0m:    [36m-> directory context /home/kouzimiso/study/.buildozer/android/platform/build-arm64-v8a_armeabi-v7a/packages/kivy[39m
[1m[90m[DEBUG][39m[0m:   [90m->[0m running basename https://github.com/kivy/kivy/archive/2.3.0.zip[0m
[1m[90m[DEBUG][39m[0m:   	2.3.0.zip
[1m[INFO][0m:    kivy download already cached, skipping
[1m[INFO][0m:    [36m<- directory context /home/kouzimiso/study/.buildozer/android/platform/python-for-android[39m
[1m[INFO][0m:    [1m[32m# Building all recipes for arch arm64-v8a[0m[39m
[1m[INFO][0m:    [1m[32m# Unpacking recipes[0m[39m
[1m[INFO][0m:    [1m[32mUnpacking hostpython3 for arm64-v8a[0m[39m
[1m[90m[DEBUG][39m[0m:   [90m->[0m running basename https://www.python.org/ftp/python/3.11.5/Python-3.11.5.tgz[0m
[1m[90m[DEBUG][39m[0m:   	Python-3.11.5.tgz
[1m[INFO][0m:    [36m-> directory context /home/kouzimiso/study/.buildozer/android/platform/build-arm64-v8a_armeabi-v7a/build/other_builds/hostpython3/desktop[39m
[1m[INFO][0m:    hostpython3 is already unpacked, skipping
[1m[INFO][0m:    [36m<- directory context /home/kouzimiso/study/.buildozer/android/platform/python-for-android[39m
[1m[INFO][0m:    [1m[32mUnpacking libffi for armeabi-v7a[0m[39m
[1m[90m[DEBUG][39m[0m:   [90m->[0m running basename https://github.com/libffi/libffi/archive/v3.4.2.tar.gz[0m
[1m[90m[DEBUG][39m[0m:   	v3.4.2.tar.gz
[1m[INFO][0m:    [36m-> directory context /home/kouzimiso/study/.buildozer/android/platform/build-arm64-v8a_armeabi-v7a/build/other_builds/libffi/armeabi-v7a__ndk_target_21[39m
[1m[INFO][0m:    libffi is already unpacked, skipping
[1m[INFO][0m:    [36m<- directory context /home/kouzimiso/study/.buildozer/android/platform/python-for-android[39m
[1m[INFO][0m:    [1m[32mUnpacking openssl for armeabi-v7a[0m[39m
[1m[90m[DEBUG][39m[0m:   [90m->[0m running basename https://www.openssl.org/source/openssl-1.1.1w.tar.gz[0m
[1m[90m[DEBUG][39m[0m:   	openssl-1.1.1w.tar.gz
[1m[INFO][0m:    [36m-> directory context /home/kouzimiso/study/.buildozer/android/platform/build-arm64-v8a_armeabi-v7a/build/other_builds/openssl/armeabi-v7a__ndk_target_21[39m
[1m[INFO][0m:    openssl is already unpacked, skipping
[1m[INFO][0m:    [36m<- directory context /home/kouzimiso/study/.buildozer/android/platform/python-for-android[39m
[1m[INFO][0m:    [1m[32mUnpacking sdl2_image for armeabi-v7a[0m[39m
[1m[90m[DEBUG][39m[0m:   [90m->[0m running basename https://github.com/libsdl-org/SDL_image/releases/download/release-2.8.0/SDL2_image-2.8.0.tar.gz[0m
[1m[90m[DEBUG][39m[0m:   	SDL2_image-2.8.0.tar.gz
[1m[INFO][0m:    [36m-> directory context /home/kouzimiso/study/.buildozer/android/platform/build-arm64-v8a_armeabi-v7a/build/bootstrap_builds/sdl2/jni[39m
[1m[INFO][0m:    sdl2_image is already unpacked, skipping
[1m[INFO][0m:    [36m<- directory context /home/kouzimiso/study/.buildozer/android/platform/python-for-android[39m
[1m[INFO][0m:    [1m[32mUnpacking sdl2_mixer for armeabi-v7a[0m[39m
[1m[90m[DEBUG][39m[0m:   [90m->[0m running basename https://github.com/libsdl-org/SDL_mixer/releases/download/release-2.6.3/SDL2_mixer-2.6.3.tar.gz[0m
[1m[90m[DEBUG][39m[0m:   	SDL2_mixer-2.6.3.tar.gz
[1m[INFO][0m:    [36m-> directory context /home/kouzimiso/study/.buildozer/android/platform/build-arm64-v8a_armeabi-v7a/build/bootstrap_builds/sdl2/jni[39m
[1m[INFO][0m:    sdl2_mixer is already unpacked, skipping
[1m[INFO][0m:    [36m<- directory context /home/kouzimiso/study/.buildozer/android/platform/python-for-android[39m
[1m[INFO][0m:    [1m[32mUnpacking sdl2_ttf for armeabi-v7a[0m[39m
[1m[90m[DEBUG][39m[0m:   [90m->[0m running basename https://github.com/libsdl-org/SDL_ttf/releases/download/release-2.20.2/SDL2_ttf-2.20.2.tar.gz[0m
[1m[90m[DEBUG][39m[0m:   	SDL2_ttf-2.20.2.tar.gz
[1m[INFO][0m:    [36m-> directory context /home/kouzimiso/study/.buildozer/android/platform/build-arm64-v8a_armeabi-v7a/build/bootstrap_builds/sdl2/jni[39m
[1m[INFO][0m:    sdl2_ttf is already unpacked, skipping
[1m[INFO][0m:    [36m<- directory context /home/kouzimiso/study/.buildozer/android/platform/python-for-android[39m
[1m[INFO][0m:    [1m[32mUnpacking sqlite3 for armeabi-v7a[0m[39m
[1m[90m[DEBUG][39m[0m:   [90m->[0m running basename https://www.sqlite.org/2021/sqlite-amalgamation-3350500.zip[0m
[1m[90m[DEBUG][39m[0m:   	sqlite-amalgamation-3350500.zip
[1m[INFO][0m:    [36m-> directory context /home/kouzimiso/study/.buildozer/android/platform/build-arm64-v8a_armeabi-v7a/build/other_builds/sqlite3/armeabi-v7a__ndk_target_21[39m
[1m[INFO][0m:    sqlite3 is already unpacked, skipping
[1m[INFO][0m:    [36m<- directory context /home/kouzimiso/study/.buildozer/android/platform/python-for-android[39m
[1m[INFO][0m:    [1m[32mUnpacking python3 for armeabi-v7a[0m[39m
[1m[90m[DEBUG][39m[0m:   [90m->[0m running basename https://www.python.org/ftp/python/3.11.5/Python-3.11.5.tgz[0m
[1m[90m[DEBUG][39m[0m:   	Python-3.11.5.tgz
[1m[INFO][0m:    [36m-> directory context /home/kouzimiso/study/.buildozer/android/platform/build-arm64-v8a_armeabi-v7a/build/other_builds/python3/armeabi-v7a__ndk_target_21[39m
[1m[INFO][0m:    python3 is already unpacked, skipping
[1m[INFO][0m:    [36m<- directory context /home/kouzimiso/study/.buildozer/android/platform/python-for-android[39m
[1m[INFO][0m:    [1m[32mUnpacking sdl2 for armeabi-v7a[0m[39m
[1m[90m[DEBUG][39m[0m:   [90m->[0m running basename https://github.com/libsdl-org/SDL/releases/download/release-2.28.5/SDL2-2.28.5.tar.gz[0m
[1m[90m[DEBUG][39m[0m:   	SDL2-2.28.5.tar.gz
[1m[INFO][0m:    [36m-> directory context /home/kouzimiso/study/.buildozer/android/platform/build-arm64-v8a_armeabi-v7a/build/bootstrap_builds/sdl2/jni[39m
[1m[INFO][0m:    sdl2 is already unpacked, skipping
[1m[INFO][0m:    [36m<- directory context /home/kouzimiso/study/.buildozer/android/platform/python-for-android[39m
[1m[INFO][0m:    [1m[32mUnpacking setuptools for armeabi-v7a[0m[39m
[1m[90m[DEBUG][39m[0m:   [90m->[0m running basename https://pypi.python.org/packages/source/s/setuptools/setuptools-51.3.3.tar.gz[0m
[1m[90m[DEBUG][39m[0m:   	setuptools-51.3.3.tar.gz
[1m[INFO][0m:    [36m-> directory context /home/kouzimiso/study/.buildozer/android/platform/build-arm64-v8a_armeabi-v7a/build/other_builds/setuptools/armeabi-v7a__ndk_target_21[39m
[1m[INFO][0m:    setuptools is already unpacked, skipping
[1m[INFO][0m:    [36m<- directory context /home/kouzimiso/study/.buildozer/android/platform/python-for-android[39m
[1m[INFO][0m:    [1m[32mUnpacking six for armeabi-v7a[0m[39m
[1m[90m[DEBUG][39m[0m:   [90m->[0m running basename https://pypi.python.org/packages/source/s/six/six-1.15.0.tar.gz[0m
[1m[90m[DEBUG][39m[0m:   	six-1.15.0.tar.gz
[1m[INFO][0m:    [36m-> directory context /home/kouzimiso/study/.buildozer/android/platform/build-arm64-v8a_armeabi-v7a/build/other_builds/six/armeabi-v7a__ndk_target_21[39m
[1m[INFO][0m:    six is already unpacked, skipping
[1m[INFO][0m:    [36m<- directory context /home/kouzimiso/study/.buildozer/android/platform/python-for-android[39m
[1m[INFO][0m:    [1m[32mUnpacking pyjnius for armeabi-v7a[0m[39m
[1m[90m[DEBUG][39m[0m:   [90m->[0m running basename https://github.com/kivy/pyjnius/archive/1.6.1.zip[0m
[1m[90m[DEBUG][39m[0m:   	1.6.1.zip
[1m[INFO][0m:    [36m-> directory context /home/kouzimiso/study/.buildozer/android/platform/build-arm64-v8a_armeabi-v7a/build/other_builds/pyjnius-sdl2/armeabi-v7a__ndk_target_21[39m
[1m[INFO][0m:    pyjnius is already unpacked, skipping
[1m[INFO][0m:    [36m<- directory context /home/kouzimiso/study/.buildozer/android/platform/python-for-android[39m
[1m[90m[DEBUG][39m[0m:   Remove directory and subdirectory /home/kouzimiso/study/.buildozer/android/platform/build-arm64-v8a_armeabi-v7a/build/other_builds/android-sdl2/armeabi-v7a__ndk_target_21/android
[1m[90m[DEBUG][39m[0m:   [90m->[0m running cp -a /home/kouzimiso/study/.buildozer/android/platform/python-for-android/pythonforandroid/recipes/android/src /home/kouzimiso/study/.buildozer/android/platform/build-arm64-v8a_armeabi-v7a/build/other_builds/android-sdl2/armeabi-v7a__ndk_target_21/android[0m
[1m[INFO][0m:    [1m[32mUnpacking kivy for armeabi-v7a[0m[39m
[1m[90m[DEBUG][39m[0m:   [90m->[0m running basename https://github.com/kivy/kivy/archive/2.3.0.zip[0m
[1m[90m[DEBUG][39m[0m:   	2.3.0.zip
[1m[INFO][0m:    [36m-> directory context /home/kouzimiso/study/.buildozer/android/platform/build-arm64-v8a_armeabi-v7a/build/other_builds/kivy/armeabi-v7a__ndk_target_21[39m
[1m[INFO][0m:    kivy is already unpacked, skipping
[1m[INFO][0m:    [36m<- directory context /home/kouzimiso/study/.buildozer/android/platform/python-for-android[39m
[1m[INFO][0m:    [1m[32m# Prebuilding recipes[0m[39m
[1m[INFO][0m:    [1m[32mPrebuilding hostpython3 for armeabi-v7a[0m[39m
[1m[INFO][0m:    hostpython3 has no prebuild_armeabi_v7a, skipping
[1m[INFO][0m:    [1m[32mApplying patches for hostpython3[armeabi-v7a][0m[39m
[1m[INFO][0m:    [1m[32mhostpython3 already patched, skipping[0m[39m
[1m[INFO][0m:    [1m[32mPrebuilding libffi for armeabi-v7a[0m[39m
[1m[INFO][0m:    libffi has no prebuild_armeabi_v7a, skipping
[1m[INFO][0m:    [1m[32mApplying patches for libffi[armeabi-v7a][0m[39m
[1m[INFO][0m:    [1m[32mlibffi already patched, skipping[0m[39m
[1m[INFO][0m:    [1m[32mPrebuilding openssl for armeabi-v7a[0m[39m
[1m[INFO][0m:    openssl has no prebuild_armeabi_v7a, skipping
[1m[INFO][0m:    [1m[32mPrebuilding sdl2_image for armeabi-v7a[0m[39m
[1m[INFO][0m:    sdl2_image has no prebuild_armeabi_v7a, skipping
[1m[INFO][0m:    [1m[32mApplying patches for sdl2_image[armeabi-v7a][0m[39m
[1m[INFO][0m:    [1m[32msdl2_image already patched, skipping[0m[39m
[1m[INFO][0m:    [1m[32mPrebuilding sdl2_mixer for armeabi-v7a[0m[39m
[1m[INFO][0m:    sdl2_mixer has no prebuild_armeabi_v7a, skipping
[1m[INFO][0m:    [1m[32mPrebuilding sdl2_ttf for armeabi-v7a[0m[39m
[1m[INFO][0m:    sdl2_ttf has no prebuild_armeabi_v7a, skipping
[1m[INFO][0m:    [1m[32mPrebuilding sqlite3 for armeabi-v7a[0m[39m
[1m[INFO][0m:    sqlite3 has no prebuild_armeabi_v7a, skipping
[1m[INFO][0m:    [1m[32mPrebuilding python3 for armeabi-v7a[0m[39m
[1m[INFO][0m:    python3 has no prebuild_armeabi_v7a, skipping
[1m[INFO][0m:    [1m[32mApplying patches for python3[armeabi-v7a][0m[39m
[1m[INFO][0m:    [1m[32mpython3 already patched, skipping[0m[39m
[1m[INFO][0m:    [1m[32mPrebuilding sdl2 for armeabi-v7a[0m[39m
[1m[INFO][0m:    sdl2 has no prebuild_armeabi_v7a, skipping
[1m[INFO][0m:    [1m[32mPrebuilding setuptools for armeabi-v7a[0m[39m
[1m[INFO][0m:    setuptools has no prebuild_armeabi_v7a, skipping
[1m[INFO][0m:    [1m[32mPrebuilding six for armeabi-v7a[0m[39m
[1m[INFO][0m:    six has no prebuild_armeabi_v7a, skipping
[1m[INFO][0m:    [1m[32mPrebuilding pyjnius for armeabi-v7a[0m[39m
[1m[INFO][0m:    pyjnius has no prebuild_armeabi_v7a, skipping
[1m[INFO][0m:    [1m[32mApplying patches for pyjnius[armeabi-v7a][0m[39m
[1m[INFO][0m:    [1m[32mpyjnius already patched, skipping[0m[39m
[1m[INFO][0m:    [1m[32mPrebuilding android for armeabi-v7a[0m[39m
[1m[INFO][0m:    android has no prebuild_armeabi_v7a, skipping
[1m[INFO][0m:    [36m-> directory context /home/kouzimiso/study/.buildozer/android/platform/build-arm64-v8a_armeabi-v7a/build/other_builds/android-sdl2/armeabi-v7a__ndk_target_21/android[39m
[1m[INFO][0m:    [36m<- directory context /home/kouzimiso/study/.buildozer/android/platform/python-for-android[39m
[1m[INFO][0m:    [1m[32mPrebuilding kivy for armeabi-v7a[0m[39m
[1m[INFO][0m:    kivy has no prebuild_armeabi_v7a, skipping
[1m[INFO][0m:    [1m[32mApplying patches for kivy[armeabi-v7a][0m[39m
[1m[INFO][0m:    [1m[32mkivy already patched, skipping[0m[39m
[1m[INFO][0m:    [1m[32m# Building recipes[0m[39m
[1m[INFO][0m:    [1m[32mBuilding hostpython3 for armeabi-v7a[0m[39m
[1m[INFO][0m:    hostpython3 said it is already built, skipping
[1m[INFO][0m:    [1m[32mBuilding libffi for armeabi-v7a[0m[39m
[1m[INFO][0m:    [36m-> directory context /home/kouzimiso/study/.buildozer/android/platform/build-arm64-v8a_armeabi-v7a/build/other_builds/libffi/armeabi-v7a__ndk_target_21/libffi[39m
[1m[90m[DEBUG][39m[0m:   [90m->[0m running autoreconf -vif[0m
[1m[90m[DEBUG][39m[0m:   	autoreconf: export WARNINGS=
[1m[90m[DEBUG][39m[0m:   	autoreconf: Entering directory '.'
[1m[90m[DEBUG][39m[0m:   	autoreconf: configure.ac: not using Gettext
[1m[90m[DEBUG][39m[0m:   	autoreconf: running: aclocal --force -I m4
[1m[90m[DEBUG][39m[0m:   	autoreconf: configure.ac: tracing
[1m[90m[DEBUG][39m[0m:   	autoreconf: running: libtoolize --copy --force
[1m[90m[DEBUG][39m[0m:   	libtoolize: putting auxiliary files in '.'.
[1m[90m[DEBUG][39m[0m:   	libtoolize: copying file './ltmain.sh'
[1m[90m[DEBUG][39m[0m:   	libtoolize: putting macros in AC_CONFIG_MACRO_DIRS, 'm4'.
[1m[90m[DEBUG][39m[0m:   	libtoolize: copying file 'm4/libtool.m4'
[1m[90m[DEBUG][39m[0m:   	libtoolize: copying file 'm4/ltoptions.m4'
[1m[90m[DEBUG][39m[0m:   	libtoolize: copying file 'm4/ltsugar.m4'
[1m[90m[DEBUG][39m[0m:   	libtoolize: copying file 'm4/ltversion.m4'
[1m[90m[DEBUG][39m[0m:   	libtoolize: copying file 'm4/lt~obsolete.m4'
[1m[90m[DEBUG][39m[0m:   	autoreconf: configure.ac: not using Intltool
[1m[90m[DEBUG][39m[0m:   	autoreconf: configure.ac: not using Gtkdoc
[1m[90m[DEBUG][39m[0m:   	autoreconf: running: aclocal --force -I m4
[1m[90m[DEBUG][39m[0m:   	autoreconf: running: /usr/bin/autoconf --force
[1m[90m[DEBUG][39m[0m:   	configure.ac:8: warning: The macro `AC_CANONICAL_SYSTEM' is obsolete.
[1m[90m[DEBUG][39m[0m:   	configure.ac:8: You should run autoupdate.
[1m[90m[DEBUG][39m[0m:   	./lib/autoconf/general.m4:2081: AC_CANONICAL_SYSTEM is expanded from...
[1m[90m[DEBUG][39m[0m:   	configure.ac:8: the top level
[1m[90m[DEBUG][39m[0m:   	configure.ac:41: warning: The macro `AC_PROG_LIBTOOL' is obsolete.
[1m[90m[DEBUG][39m[0m:   	configure.ac:41: You should run autoupdate.
[1m[90m[DEBUG][39m[0m:   	m4/libtool.m4:99: AC_PROG_LIBTOOL is expanded from...
[1m[90m[DEBUG][39m[0m:   	configure.ac:41: the top level
[1m[90m[DEBUG][39m[0m:   	configure.ac:74: warning: The macro `AC_TRY_COMPILE' is obsolete.
[1m[90m[DEBUG][39m[0m:   	configure.ac:74: You should run autoupdate.
[1m[90m[DEBUG][39m[0m:   	./lib/autoconf/general.m4:2847: AC_TRY_COMPILE is expanded from...
[1m[90m[DEBUG][39m[0m:   	lib/m4sugar/m4sh.m4:692: _AS_IF_ELSE is expanded from...
[1m[90m[DEBUG][39m[0m:   	lib/m4sugar/m4sh.m4:699: AS_IF is expanded from...
[1m[90m[DEBUG][39m[0m:   	./lib/autoconf/general.m4:2249: AC_CACHE_VAL is expanded from...
[1m[90m[DEBUG][39m[0m:   	./lib/autoconf/general.m4:2270: AC_CACHE_CHECK is expanded from...
[1m[90m[DEBUG][39m[0m:   	acinclude.m4:3: AC_FUNC_MMAP_BLACKLIST is expanded from...
[1m[90m[DEBUG][39m[0m:   	configure.ac:74: the top level
[1m[90m[DEBUG][39m[0m:   	configure.ac:91: warning: The macro `AC_HEADER_STDC' is obsolete.
[1m[90m[DEBUG][39m[0m:   	configure.ac:91: You should run autoupdate.
[1m[90m[DEBUG][39m[0m:   	./lib/autoconf/headers.m4:704: AC_HEADER_STDC is expanded from...
[1m[90m[DEBUG][39m[0m:   	configure.ac:91: the top level
[1m[90m[DEBUG][39m[0m:   	configure.ac:118: warning: The macro `AC_TRY_COMPILE' is obsolete.
[1m[90m[DEBUG][39m[0m:   	configure.ac:118: You should run autoupdate.
[1m[90m[DEBUG][39m[0m:   	./lib/autoconf/general.m4:2847: AC_TRY_COMPILE is expanded from...
[1m[90m[DEBUG][39m[0m:   	lib/m4sugar/m4sh.m4:692: _AS_IF_ELSE is expanded from...
[1m[90m[DEBUG][39m[0m:   	lib/m4sugar/m4sh.m4:699: AS_IF is expanded from...
[1m[90m[DEBUG][39m[0m:   	./lib/autoconf/general.m4:2249: AC_CACHE_VAL is expanded from...
[1m[90m[DEBUG][39m[0m:   	./lib/autoconf/general.m4:2270: AC_CACHE_CHECK is expanded from...
[1m[90m[DEBUG][39m[0m:   	m4/asmcfi.m4:1: GCC_AS_CFI_PSEUDO_OP is expanded from...
[1m[90m[DEBUG][39m[0m:   	configure.ac:118: the top level
[1m[90m[DEBUG][39m[0m:   	configure.ac:122: warning: The macro `AC_TRY_LINK' is obsolete.
[1m[90m[DEBUG][39m[0m:   	configure.ac:122: You should run autoupdate.
[1m[90m[DEBUG][39m[0m:   	./lib/autoconf/general.m4:2920: AC_TRY_LINK is expanded from...
[1m[90m[DEBUG][39m[0m:   	lib/m4sugar/m4sh.m4:692: _AS_IF_ELSE is expanded from...
[1m[90m[DEBUG][39m[0m:   	lib/m4sugar/m4sh.m4:699: AS_IF is expanded from...
[1m[90m[DEBUG][39m[0m:   	./lib/autoconf/general.m4:2249: AC_CACHE_VAL is expanded from...
[1m[90m[DEBUG][39m[0m:   	./lib/autoconf/general.m4:2270: AC_CACHE_CHECK is expanded from...
[1m[90m[DEBUG][39m[0m:   	configure.ac:122: the top level
[1m[90m[DEBUG][39m[0m:   	configure.ac:138: warning: The macro `AC_TRY_COMPILE' is obsolete.
[1m[90m[DEBUG][39m[0m:   	configure.ac:138: You should run autoupdate.
[1m[90m[DEBUG][39m[0m:   	./lib/autoconf/general.m4:2847: AC_TRY_COMPILE is expanded from...
[1m[90m[DEBUG][39m[0m:   	lib/m4sugar/m4sh.m4:692: _AS_IF_ELSE is expanded from...
[1m[90m[DEBUG][39m[0m:   	lib/m4sugar/m4sh.m4:699: AS_IF is expanded from...
[1m[90m[DEBUG][39m[0m:   	./lib/autoconf/general.m4:2249: AC_CACHE_VAL is expanded from...
[1m[90m[DEBUG][39m[0m:   	./lib/autoconf/general.m4:2270: AC_CACHE_CHECK is expanded from...
[1m[90m[DEBUG][39m[0m:   	configure.ac:138: the top level
[1m[90m[DEBUG][39m[0m:   	configure.ac:185: warning: The macro `AC_TRY_COMPILE' is obsolete.
[1m[90m[DEBUG][39m[0m:   	configure.ac:185: You should run autoupdate.
[1m[90m[DEBUG][39m[0m:   	./lib/autoconf/general.m4:2847: AC_TRY_COMPILE is expanded from...
[1m[90m[DEBUG][39m[0m:   	lib/m4sugar/m4sh.m4:692: _AS_IF_ELSE is expanded from...
[1m[90m[DEBUG][39m[0m:   	lib/m4sugar/m4sh.m4:699: AS_IF is expanded from...
[1m[90m[DEBUG][39m[0m:   	./lib/autoconf/general.m4:2249: AC_CACHE_VAL is expanded from...
[1m[90m[DEBUG][39m[0m:   	./lib/autoconf/general.m4:2270: AC_CACHE_CHECK is expanded from...
[1m[90m[DEBUG][39m[0m:   	configure.ac:185: the top level
[1m[90m[DEBUG][39m[0m:   	configure.ac:310: warning: The macro `AC_HELP_STRING' is obsolete.
[1m[90m[DEBUG][39m[0m:   	configure.ac:310: You should run autoupdate.
[1m[90m[DEBUG][39m[0m:   	./lib/autoconf/general.m4:204: AC_HELP_STRING is expanded from...
[1m[90m[DEBUG][39m[0m:   	configure.ac:310: the top level
[1m[90m[DEBUG][39m[0m:   	configure.ac:418: warning: The macro `AC_HELP_STRING' is obsolete.
[1m[90m[DEBUG][39m[0m:   	configure.ac:418: You should run autoupdate.
[1m[90m[DEBUG][39m[0m:   	./lib/autoconf/general.m4:204: AC_HELP_STRING is expanded from...
[1m[90m[DEBUG][39m[0m:   	acinclude.m4:353: LIBFFI_ENABLE_SYMVERS is expanded from...
[1m[90m[DEBUG][39m[0m:   	configure.ac:418: the top level
[1m[90m[DEBUG][39m[0m:   	configure.ac:418: warning: The macro `AC_PROG_LD' is obsolete.
[1m[90m[DEBUG][39m[0m:   	configure.ac:418: You should run autoupdate.
[1m[90m[DEBUG][39m[0m:   	m4/libtool.m4:3341: AC_PROG_LD is expanded from...
[1m[90m[DEBUG][39m[0m:   	acinclude.m4:251: LIBFFI_CHECK_LINKER_FEATURES is expanded from...
[1m[90m[DEBUG][39m[0m:   	acinclude.m4:353: LIBFFI_ENABLE_SYMVERS is expanded from...
[1m[90m[DEBUG][39m[0m:   	configure.ac:418: the top level
[1m[90m[DEBUG][39m[0m:   	configure.ac:418: warning: The macro `AC_TRY_RUN' is obsolete.
[1m[90m[DEBUG][39m[0m:   	configure.ac:418: You should run autoupdate.
[1m[90m[DEBUG][39m[0m:   	./lib/autoconf/general.m4:2997: AC_TRY_RUN is expanded from...
[1m[90m[DEBUG][39m[0m:   	acinclude.m4:251: LIBFFI_CHECK_LINKER_FEATURES is expanded from...
[1m[90m[DEBUG][39m[0m:   	acinclude.m4:353: LIBFFI_ENABLE_SYMVERS is expanded from...
[1m[90m[DEBUG][39m[0m:   	configure.ac:418: the top level
[1m[90m[DEBUG][39m[0m:   	configure.ac:418: warning: The macro `AC_TRY_LINK' is obsolete.
[1m[90m[DEBUG][39m[0m:   	configure.ac:418: You should run autoupdate.
[1m[90m[DEBUG][39m[0m:   	./lib/autoconf/general.m4:2920: AC_TRY_LINK is expanded from...
[1m[90m[DEBUG][39m[0m:   	acinclude.m4:353: LIBFFI_ENABLE_SYMVERS is expanded from...
[1m[90m[DEBUG][39m[0m:   	configure.ac:418: the top level
[1m[90m[DEBUG][39m[0m:   	autoreconf: running: /usr/bin/autoheader --force
[1m[90m[DEBUG][39m[0m:   	autoreconf: running: automake --add-missing --copy --force-missing
[1m[90m[DEBUG][39m[0m:   	configure.ac:31: installing './compile'
[1m[90m[DEBUG][39m[0m:   	configure.ac:19: installing './missing'
[1m[90m[DEBUG][39m[0m:   	Makefile.am: installing './depcomp'
[1m[90m[DEBUG][39m[0m:   	autoreconf: Leaving directory '.'
[1m[90m[DEBUG][39m[0m:   [90m->[0m running configure --host=arm-linux-androideabi --prefix=/home/kouzimiso/study/.buildozer/android/platform/build-arm64-v8a_armeabi-v7a/build/other_builds/libffi/armeabi-v7a__ndk_target_21/libffi --disable-builddir --enable-shared[0m
[1m[90m[DEBUG][39m[0m:   	checking build system type... x86_64-pc-linux-gnu
[1m[90m[DEBUG][39m[0m:   	checking host system type... arm-unknown-linux-androideabi
[1m[90m[DEBUG][39m[0m:   	checking target system type... arm-unknown-linux-androideabi
[1m[90m[DEBUG][39m[0m:   	checking for gsed... sed
[1m[90m[DEBUG][39m[0m:   	checking for a BSD-compatible install... /usr/bin/install -c
[1m[90m[DEBUG][39m[0m:   	checking whether build environment is sane... yes
[1m[90m[DEBUG][39m[0m:   	checking for arm-linux-androideabi-strip... /home/kouzimiso/.buildozer/android/platform/android-ndk-r25b/toolchains/llvm/prebuilt/linux-x86_64/bin/llvm-strip --strip-unneeded
[1m[90m[DEBUG][39m[0m:   	checking for a race-free mkdir -p... /usr/bin/mkdir -p
[1m[90m[DEBUG][39m[0m:   	checking for gawk... gawk
[1m[90m[DEBUG][39m[0m:   	checking whether make -j8 sets $(MAKE)... yes
[1m[90m[DEBUG][39m[0m:   	checking whether make -j8 supports nested variables... yes
[1m[90m[DEBUG][39m[0m:   	checking for arm-linux-androideabi-gcc... /home/kouzimiso/.buildozer/android/platform/android-ndk-r25b/toolchains/llvm/prebuilt/linux-x86_64/bin/clang -target armv7a-linux-androideabi21 -fomit-frame-pointer -march=armv7-a -mfloat-abi=softfp -mfpu=vfp -mthumb -fPIC
[1m[90m[DEBUG][39m[0m:   	checking whether the C compiler works... no
[1m[90m[DEBUG][39m[0m:   	configure: error: in `/home/kouzimiso/study/.buildozer/android/platform/build-arm64-v8a_armeabi-v7a/build/other_builds/libffi/armeabi-v7a__ndk_target_21/libffi':
[1m[90m[DEBUG][39m[0m:   	configure: error: C compiler cannot create executables
[1m[90m[DEBUG][39m[0m:   	See `config.log' for more details
Exception in thread background thread for pid 15519:
Traceback (most recent call last):
  File "/home/kouzimiso/.pyenv/versions/3.11.9/lib/python3.11/threading.py", line 1045, in _bootstrap_inner
    self.run()
  File "/home/kouzimiso/.pyenv/versions/3.11.9/lib/python3.11/threading.py", line 982, in run
    self._target(*self._args, **self._kwargs)
  File "/home/kouzimiso/.local/lib/python3.11/site-packages/sh.py", line 1641, in wrap
    fn(*rgs, **kwargs)
  File "/home/kouzimiso/.local/lib/python3.11/site-packages/sh.py", line 2569, in background_thread
    handle_exit_code(exit_code)
  File "/home/kouzimiso/.local/lib/python3.11/site-packages/sh.py", line 2269, in fn
    return self.command.handle_command_exit_code(exit_code)
           ^^^^^^^^^^^^^^^^^^^^^^^^^^^^^^^^^^^^^^^^^^^^^^^^
  File "/home/kouzimiso/.local/lib/python3.11/site-packages/sh.py", line 869, in handle_command_exit_code
    raise exc
sh.ErrorReturnCode_77: 

  RAN: /home/kouzimiso/study/.buildozer/android/platform/build-arm64-v8a_armeabi-v7a/build/other_builds/libffi/armeabi-v7a__ndk_target_21/libffi/configure --host=arm-linux-androideabi --prefix=/home/kouzimiso/study/.buildozer/android/platform/build-arm64-v8a_armeabi-v7a/build/other_builds/libffi/armeabi-v7a__ndk_target_21/libffi --disable-builddir --enable-shared

  STDOUT:
checking build system type... x86_64-pc-linux-gnu
checking host system type... arm-unknown-linux-androideabi
checking target system type... arm-unknown-linux-androideabi
checking for gsed... sed
checking for a BSD-compatible install... /usr/bin/install -c
checking whether build environment is sane... yes
checking for arm-linux-androideabi-strip... /home/kouzimiso/.buildozer/android/platform/android-ndk-r25b/toolchains/llvm/prebuilt/linux-x86_64/bin/llvm-strip --strip-unneeded
checking for a race-free mkdir -p... /usr/bin/mkdir -p
checking for gawk... gawk
checking whether make -j8 sets $(MAKE)... yes
checking whether make -j8 supports nested variables... yes
checking for arm-linux-androideabi-gcc... /home/kouzimiso/.buildozer/android/platform/android-ndk-r25b/toolchains/llvm/prebuilt/linux-x86_64/bin/clang -target armv7a-linux-androideabi21 -fomit-frame-pointer -march=armv7-a -mfloat-abi=softfp -mfpu=vfp -mthumb -fPIC
checking whether the C compiler works... no
configure: error: in `/home/kouzimiso/study/.buildozer/android/platform/build-arm64-v8a_armeabi-v7a/build/other_builds/libffi/armeabi-v7a__ndk_target_21/libffi':
configure: error: C compiler cannot create executables
See `config.log' for more details


  STDERR:

Traceback (most recent call last):
  File "<frozen runpy>", line 198, in _run_module_as_main
  File "<frozen runpy>", line 88, in _run_code
  File "/home/kouzimiso/study/.buildozer/android/platform/python-for-android/pythonforandroid/toolchain.py", line 1256, in <module>
    main()
  File "/home/kouzimiso/study/.buildozer/android/platform/python-for-android/pythonforandroid/entrypoints.py", line 18, in main
    ToolchainCL()
  File "/home/kouzimiso/study/.buildozer/android/platform/python-for-android/pythonforandroid/toolchain.py", line 685, in __init__
    getattr(self, command)(args)
  File "/home/kouzimiso/study/.buildozer/android/platform/python-for-android/pythonforandroid/toolchain.py", line 104, in wrapper_func
    build_dist_from_args(ctx, dist, args)
  File "/home/kouzimiso/study/.buildozer/android/platform/python-for-android/pythonforandroid/toolchain.py", line 163, in build_dist_from_args
    build_recipes(build_order, python_modules, ctx,
  File "/home/kouzimiso/study/.buildozer/android/platform/python-for-android/pythonforandroid/build.py", line 504, in build_recipes
    recipe.build_arch(arch)
  File "/home/kouzimiso/study/.buildozer/android/platform/python-for-android/pythonforandroid/recipes/libffi/__init__.py", line 30, in build_arch
    shprint(sh.Command('./configure'),
  File "/home/kouzimiso/study/.buildozer/android/platform/python-for-android/pythonforandroid/logger.py", line 167, in shprint
    for line in output:
  File "/home/kouzimiso/.local/lib/python3.11/site-packages/sh.py", line 915, in next
    self.wait()
  File "/home/kouzimiso/.local/lib/python3.11/site-packages/sh.py", line 845, in wait
    self.handle_command_exit_code(exit_code)
  File "/home/kouzimiso/.local/lib/python3.11/site-packages/sh.py", line 869, in handle_command_exit_code
    raise exc
sh.ErrorReturnCode_77: 

  RAN: /home/kouzimiso/study/.buildozer/android/platform/build-arm64-v8a_armeabi-v7a/build/other_builds/libffi/armeabi-v7a__ndk_target_21/libffi/configure --host=arm-linux-androideabi --prefix=/home/kouzimiso/study/.buildozer/android/platform/build-arm64-v8a_armeabi-v7a/build/other_builds/libffi/armeabi-v7a__ndk_target_21/libffi --disable-builddir --enable-shared

  STDOUT:
checking build system type... x86_64-pc-linux-gnu
checking host system type... arm-unknown-linux-androideabi
checking target system type... arm-unknown-linux-androideabi
checking for gsed... sed
checking for a BSD-compatible install... /usr/bin/install -c
checking whether build environment is sane... yes
checking for arm-linux-androideabi-strip... /home/kouzimiso/.buildozer/android/platform/android-ndk-r25b/toolchains/llvm/prebuilt/linux-x86_64/bin/llvm-strip --strip-unneeded
checking for a race-free mkdir -p... /usr/bin/mkdir -p
checking for gawk... gawk
checking whether make -j8 sets $(MAKE)... yes
checking whether make -j8 supports nested variables... yes
checking for arm-linux-androideabi-gcc... /home/kouzimiso/.buildozer/android/platform/android-ndk-r25b/toolchains/llvm/prebuilt/linux-x86_64/bin/clang -target armv7a-linux-androideabi21 -fomit-frame-pointer -march=armv7-a -mfloat-abi=softfp -mfpu=vfp -mthumb -fPIC
checking whether the C compiler works... no
configure: error: in `/home/kouzimiso/study/.buildozer/android/platform/build-arm64-v8a_armeabi-v7a/build/other_builds/libffi/armeabi-v7a__ndk_target_21/libffi':
configure: error: C compiler cannot create executables
See `config.log' for more details


  STDERR:

# Command failed: ['/home/kouzimiso/.pyenv/versions/3.11.9/bin/python3.11', '-m', 'pythonforandroid.toolchain', 'create', '--dist_name=myapp', '--bootstrap=sdl2', '--requirements=python3,kivy', '--arch=arm64-v8a', '--arch=armeabi-v7a', '--copy-libs', '--color=always', '--storage-dir=/home/kouzimiso/study/.buildozer/android/platform/build-arm64-v8a_armeabi-v7a', '--ndk-api=21', '--ignore-setup-py', '--debug']
# ENVIRONMENT:
#     SHELL = '/bin/bash'
#     WSL_DISTRO_NAME = 'Ubuntu-22.04'
#     NAME = 'DESKTOP-RAFM420'
#     PWD = '/home/kouzimiso/study'
#     PYENV_VIRTUALENV_INIT = '1'
#     LOGNAME = 'kouzimiso'
#     ANDROIDNDK = '/home/kouzimiso/.buildozer/android/platform/android-ndk-r25b'
#     MOTD_SHOWN = 'update-motd'
#     HOME = '/home/kouzimiso'
#     LANG = 'C.UTF-8'
#     LS_COLORS = 'rs=0:di=01;34:ln=01;36:mh=00:pi=40;33:so=01;35:do=01;35:bd=40;33;01:cd=40;33;01:or=40;31;01:mi=00:su=37;41:sg=30;43:ca=30;41:tw=30;42:ow=34;42:st=37;44:ex=01;32:*.tar=01;31:*.tgz=01;31:*.arc=01;31:*.arj=01;31:*.taz=01;31:*.lha=01;31:*.lz4=01;31:*.lzh=01;31:*.lzma=01;31:*.tlz=01;31:*.txz=01;31:*.tzo=01;31:*.t7z=01;31:*.zip=01;31:*.z=01;31:*.dz=01;31:*.gz=01;31:*.lrz=01;31:*.lz=01;31:*.lzo=01;31:*.xz=01;31:*.zst=01;31:*.tzst=01;31:*.bz2=01;31:*.bz=01;31:*.tbz=01;31:*.tbz2=01;31:*.tz=01;31:*.deb=01;31:*.rpm=01;31:*.jar=01;31:*.war=01;31:*.ear=01;31:*.sar=01;31:*.rar=01;31:*.alz=01;31:*.ace=01;31:*.zoo=01;31:*.cpio=01;31:*.7z=01;31:*.rz=01;31:*.cab=01;31:*.wim=01;31:*.swm=01;31:*.dwm=01;31:*.esd=01;31:*.jpg=01;35:*.jpeg=01;35:*.mjpg=01;35:*.mjpeg=01;35:*.gif=01;35:*.bmp=01;35:*.pbm=01;35:*.pgm=01;35:*.ppm=01;35:*.tga=01;35:*.xbm=01;35:*.xpm=01;35:*.tif=01;35:*.tiff=01;35:*.png=01;35:*.svg=01;35:*.svgz=01;35:*.mng=01;35:*.pcx=01;35:*.mov=01;35:*.mpg=01;35:*.mpeg=01;35:*.m2v=01;35:*.mkv=01;35:*.webm=01;35:*.webp=01;35:*.ogm=01;35:*.mp4=01;35:*.m4v=01;35:*.mp4v=01;35:*.vob=01;35:*.qt=01;35:*.nuv=01;35:*.wmv=01;35:*.asf=01;35:*.rm=01;35:*.rmvb=01;35:*.flc=01;35:*.avi=01;35:*.fli=01;35:*.flv=01;35:*.gl=01;35:*.dl=01;35:*.xcf=01;35:*.xwd=01;35:*.yuv=01;35:*.cgm=01;35:*.emf=01;35:*.ogv=01;35:*.ogx=01;35:*.aac=00;36:*.au=00;36:*.flac=00;36:*.m4a=00;36:*.mid=00;36:*.midi=00;36:*.mka=00;36:*.mp3=00;36:*.mpc=00;36:*.ogg=00;36:*.ra=00;36:*.wav=00;36:*.oga=00;36:*.opus=00;36:*.spx=00;36:*.xspf=00;36:'
#     LESSCLOSE = '/usr/bin/lesspipe %s %s'
#     TERM = 'xterm-256color'
#     LESSOPEN = '| /usr/bin/lesspipe %s'
#     USER = 'kouzimiso'
#     SHLVL = '5'
#     PYENV_ROOT = '/home/kouzimiso/.pyenv'
#     WSLENV = ''
#     XDG_DATA_DIRS = '/usr/local/share:/usr/share:/var/lib/snapd/desktop'
#     PATH = ('/home/kouzimiso/.buildozer/android/platform/apache-ant-1.9.4/bin:/home/kouzimiso/.pyenv/plugins/pyenv-virtualenv/shims:/home/kouzimiso/.pyenv/shims:/home/kouzimiso/.pyenv/bin:/home/kouzimiso/.pyenv/plugins/pyenv-virtualenv/shims:/home/kouzimiso/.pyenv/bin:/home/kouzimiso/.pyenv/plugins/pyenv-virtualenv/shims:/home/kouzimiso/.pyenv/bin:/home/kouzimiso/.pyenv/plugins/pyenv-virtualenv/shims:/home/kouzimiso/.pyenv/bin:/home/kouzimiso/.pyenv/plugins/pyenv-virtualenv/shims:/home/kouzimiso/.pyenv/bin:/usr/local/sbin:/usr/local/bin:/usr/sbin:/usr/bin:/sbin:/bin:/usr/games:/usr/local/games:/mnt/c/Program '
 'Files/WindowsApps/CanonicalGroupLimited.Ubuntu22.04LTS_2204.3.63.0_x64__79rhkp1fndgsc:/mnt/c/Program '
 'Files '
 '(x86)/Embarcadero/Studio/22.0/bin:/mnt/c/Users/Public/Documents/Embarcadero/Studio/22.0/Bpl:/mnt/c/Program '
 'Files '
 '(x86)/Embarcadero/Studio/22.0/bin64:/mnt/c/Users/Public/Documents/Embarcadero/Studio/22.0/Bpl/Win64:/mnt/c/Program '
 'Files/Common Files/Oracle/Java/javapath:/mnt/c/Program Files '
 '(x86)/Embarcadero/Studio/21.0/bin:/mnt/c/Users/Public/Documents/Embarcadero/Studio/21.0/Bpl:/mnt/c/Program '
 'Files '
 '(x86)/Embarcadero/Studio/21.0/bin64:/mnt/c/Users/Public/Documents/Embarcadero/Studio/21.0/Bpl/Win64:/mnt/c/Program '
 'Files (x86)/VMware/VMware '
 'Player/bin/:/mnt/c/Windows/system32:/mnt/c/Windows:/mnt/c/Windows/System32/Wbem:/mnt/c/Windows/System32/WindowsPowerShell/v1.0/:/mnt/c/Windows/System32/OpenSSH/:/mnt/c/Program '
 'Files/Microsoft SQL '
 'Server/130/Tools/Binn/:/mnt/c/platform-tools/:/mnt/c/Program Files '
 '(x86)/Nox/bin:/mnt/c/Program '
 'Files/Docker/Docker/resources/bin:/mnt/c/Users/kouzi/AppData/Roaming/nvm:/mnt/c/Program '
 'Files/nodejs:/mnt/c/Program Files (x86)/Windows Kits/10/Windows Performance '
 'Toolkit/:/mnt/c/Program Files/dotnet/:/mnt/c/Program Files/Microsoft SQL '
 'Server/Client SDK/ODBC/170/Tools/Binn/:/mnt/c/Program '
 'Files/Git/cmd:/mnt/c/Users/Public/Documents/Embar:/mnt/c/Users/kouzi/AppData/Local/JetBrains/Toolbox/scripts:/mnt/c/Users/kouzi/AppData/Local/Programs/Microsoft '
 'VS Code '
 'Insiders/bin:/snap/bin:/home/kouzimiso/.local/bin/:/home/kouzimiso/.local/bin/:/home/kouzimiso/.local/bin/:/home/kouzimiso/.local/bin/:/home/kouzimiso/buildozer:/home/kouzimiso/buildozer:/home/kouzimiso/buildozer')
#     HOSTTYPE = 'x86_64'
#     OLDPWD = '/home/kouzimiso/study/Buildozer'
#     _ = '/home/kouzimiso/.local/bin/buildozer'
#     PACKAGES_PATH = '/home/kouzimiso/.buildozer/android/packages'
#     ANDROIDSDK = '/home/kouzimiso/.buildozer/android/platform/android-sdk'
#     ANDROIDAPI = '31'
#     ANDROIDMINAPI = '21'
# 
# Buildozer failed to execute the last command
# The error might be hidden in the log above this error
# Please read the full log, and search for it before
# raising an issue with buildozer itself.
# In case of a bug report, please add a full log with log_level = 2
